// Jest Snapshot v1, https://goo.gl/fbAQLP

exports[`core/quote block edit matches snapshot 1`] = `
<blockquote
  class="wp-block-quote"
>
  <div
    class="editor-rich-text"
  >
    <div>
      <div>
        <div
          class="components-autocomplete"
        >
          <div
            aria-autocomplete="list"
            aria-label="Write quote…"
            aria-multiline="true"
            class="editor-rich-text__tinymce"
            contenteditable="true"
            data-is-placeholder-visible="true"
            role="textbox"
          >
            <p>
              <br
                data-mce-bogus="1"
              />
            </p>
          </div>
          <div
            class="editor-rich-text__tinymce"
          >
            <p>
              Write quote…
            </p>
          </div>
        </div>
      </div>
    </div>
  </div>
</blockquote>
`;
