// Jest Snapshot v1, https://goo.gl/fbAQLP

exports[`core/table block edit matches snapshot 1`] = `
<form>
  <div
    class="components-base-control"
  >
    <div
      class="components-base-control__field"
    >
      <label
        class="components-base-control__label"
        for="inspector-text-control-0"
      >
        Column Count
      </label>
      <input
        class="components-text-control__input"
        id="inspector-text-control-0"
        min="1"
        type="number"
        value="2"
      />
    </div>
  </div>
  <div
    class="components-base-control"
  >
    <div
      class="components-base-control__field"
    >
      <label
        class="components-base-control__label"
        for="inspector-text-control-1"
      >
        Row Count
      </label>
      <input
        class="components-text-control__input"
        id="inspector-text-control-1"
        min="1"
        type="number"
        value="2"
      />
    </div>
  </div>
  <button
    class="components-button is-button is-primary"
    type="submit"
  >
    Create
  </button>
</form>
`;
