// Jest Snapshot v1, https://goo.gl/fbAQLP

exports[`MenuItem should match snapshot when all props provided 1`] = `
<IconButton
  aria-pressed={true}
  className="components-menu-item__button my-class has-icon"
  icon="wordpress"
  onClick={[Function]}
>
  My item
  <MenuItemsShortcut
    shortcut="mod+shift+alt+w"
  />
</IconButton>
`;

exports[`MenuItem should match snapshot when only label provided 1`] = `
<Button
  aria-pressed={false}
  className="components-menu-item__button"
>
  My item
  <MenuItemsShortcut />
</Button>
`;
