// Jest Snapshot v1, https://goo.gl/fbAQLP

exports[`core/separator block edit matches snapshot 1`] = `
<hr
  class="wp-block-separator"
/>
`;
