// Jest Snapshot v1, https://goo.gl/fbAQLP

exports[`createTinyMCEElement should render a TinyMCE element 1`] = `
<p
  a-prop="hi"
>
  <p>
    Child
  </p>
</p>
`;
