// Jest Snapshot v1, https://goo.gl/fbAQLP

exports[`core/video block edit matches snapshot 1`] = `
<div
  class="components-placeholder wp-block-video"
>
  <div
    class="components-placeholder__label"
  >
    <svg
      aria-hidden="true"
      class="dashicon dashicons-media-video"
      focusable="false"
      height="20"
      role="img"
      viewBox="0 0 20 20"
      width="20"
      xmlns="http://www.w3.org/2000/svg"
    >
      <path
        d="M12 2l4 4v12H4V2h8zm0 4h3l-3-3v3zm-1 8v-3c0-.27-.1-.51-.29-.71-.2-.19-.44-.29-.71-.29H7c-.27 0-.51.1-.71.29-.19.2-.29.44-.29.71v3c0 .27.1.51.29.71.2.19.44.29.71.29h3c.27 0 .51-.1.71-.29.19-.2.29-.44.29-.71zm3 1v-5l-2 2v1z"
      />
    </svg>
    Video
  </div>
  <div
    class="components-placeholder__instructions"
  >
    Select a video file from your library, or upload a new one
  </div>
  <div
    class="components-placeholder__fieldset"
  >
    <form>
      <input
        class="components-placeholder__input"
        placeholder="Enter URL of video file hereâ€¦"
        type="url"
        value=""
      />
      <button
        class="components-button button button-large"
        type="submit"
      >
        Use URL
      </button>
    </form>
    *** Mock(Media upload button) ***
  </div>
</div>
`;
