// Jest Snapshot v1, https://goo.gl/fbAQLP

exports[`Warning should match snapshot 1`] = `
<div
  className="editor-warning"
>
  <Dashicon
    icon="warning"
  />
  error
</div>
`;
