// Jest Snapshot v1, https://goo.gl/fbAQLP

exports[`WP Editor Meta Boxes Should save the changes 1`] = `"Typing in a metabox"`;
