// Jest Snapshot v1, https://goo.gl/fbAQLP

exports[`BlockBreadcrumb should render correctly 1`] = `
<ul
  aria-label="Block breadcrumb"
  class="block-editor-block-breadcrumb"
  role="list"
>
  <li
    aria-current="true"
    class="block-editor-block-breadcrumb__current"
  >
    Document
  </li>
  <svg
    aria-hidden="true"
    class="block-editor-block-breadcrumb__separator"
    focusable="false"
    height="24"
    role="img"
    viewBox="0 0 24 24"
    width="24"
    xmlns="http://www.w3.org/2000/svg"
  >
    <path
      d="M10.8622 8.04053L14.2805 12.0286L10.8622 16.0167L9.72327 15.0405L12.3049 12.0286L9.72327 9.01672L10.8622 8.04053Z"
    />
  </svg>
</ul>
`;
