// Jest Snapshot v1, https://goo.gl/fbAQLP

exports[`PostPreviewButton render() should match the snapshot 1`] = `
<Button
  className="editor-post-preview"
  disabled={false}
  isLarge={true}
  onClick={[Function]}
>
  Preview
  <WithSelect(WithDispatch(DotTip))
    tipId="core/editor.preview"
  >
    Click “Preview” to load a preview of this page, so you can make sure you’re happy with your blocks.
  </WithSelect(WithDispatch(DotTip))>
</Button>
`;
